\n--- SUBPROCESS CMD (debug) ---
[00] C:\Users\vanta\AppData\Local\Microsoft\WinGet\Links\ffmpeg.EXE
[01] -hide_banner
[02] -loglevel
[03] error
[04] -y
[05] -loop
[06] 1
[07] -i
[08] C:\Users\vanta\Documents\STUDIO_MVP\_v03_smoke_cfg\workspace\exports\pack_v03_f842d662\artifacts\image.png
[09] -i
[10] C:\Users\vanta\Documents\STUDIO_MVP\_v03_smoke_cfg\workspace\exports\pack_v03_f842d662\artifacts\audio.wav
[11] -vf
[12] scale=540:960:force_original_aspect_ratio=increase,crop=540:960,format=yuv420p
[13] -r
[14] 15
[15] -c:v
[16] libx264
[17] -pix_fmt
[18] yuv420p
[19] -preset
[20] medium
[21] -crf
[22] 18
[23] -c:a
[24] aac
[25] -b:a
[26] 192k
[27] -ar
[28] 44100
[29] -ac
[30] 2
[31] -shortest
[32] -movflags
[33] +faststart
[34] -map_metadata
[35] -1
[36] -map_chapters
[37] -1
[38] C:\Users\vanta\Documents\STUDIO_MVP\_v03_smoke_cfg\workspace\exports\pack_v03_f842d662\render_debug_20260225_200432.mp4
CMDLINE: C:\Users\vanta\AppData\Local\Microsoft\WinGet\Links\ffmpeg.EXE -hide_banner -loglevel error -y -loop 1 -i C:\Users\vanta\Documents\STUDIO_MVP\_v03_smoke_cfg\workspace\exports\pack_v03_f842d662\artifacts\image.png -i C:\Users\vanta\Documents\STUDIO_MVP\_v03_smoke_cfg\workspace\exports\pack_v03_f842d662\artifacts\audio.wav -vf scale=540:960:force_original_aspect_ratio=increase,crop=540:960,format=yuv420p -r 15 -c:v libx264 -pix_fmt yuv420p -preset medium -crf 18 -c:a aac -b:a 192k -ar 44100 -ac 2 -shortest -movflags +faststart -map_metadata -1 -map_chapters -1 C:\Users\vanta\Documents\STUDIO_MVP\_v03_smoke_cfg\workspace\exports\pack_v03_f842d662\render_debug_20260225_200432.mp4
--- /SUBPROCESS CMD ---\n
\n--- SUBPROCESS CMD (debug) ---
[00] C:\Users\vanta\AppData\Local\Microsoft\WinGet\Links\ffmpeg.EXE
[01] -hide_banner
[02] -loglevel
[03] error
[04] -y
[05] -loop
[06] 1
[07] -i
[08] C:\Users\vanta\Documents\STUDIO_MVP\_v03_smoke_cfg\workspace\exports\pack_v03_f842d662\artifacts\image.png
[09] -i
[10] C:\Users\vanta\Documents\STUDIO_MVP\_v03_smoke_cfg\workspace\exports\pack_v03_f842d662\artifacts\audio.wav
[11] -vf
[12] scale=540:960:force_original_aspect_ratio=increase,crop=540:960,format=yuv420p
[13] -r
[14] 15
[15] -c:v
[16] libx264
[17] -pix_fmt
[18] yuv420p
[19] -preset
[20] medium
[21] -crf
[22] 18
[23] -c:a
[24] aac
[25] -b:a
[26] 192k
[27] -ar
[28] 44100
[29] -ac
[30] 2
[31] -shortest
[32] -movflags
[33] +faststart
[34] -map_metadata
[35] -1
[36] -map_chapters
[37] -1
[38] C:\Users\vanta\Documents\STUDIO_MVP\_v03_smoke_cfg\workspace\exports\pack_v03_f842d662\render_debug_20260225_200432.mp4
CMDLINE: C:\Users\vanta\AppData\Local\Microsoft\WinGet\Links\ffmpeg.EXE -hide_banner -loglevel error -y -loop 1 -i C:\Users\vanta\Documents\STUDIO_MVP\_v03_smoke_cfg\workspace\exports\pack_v03_f842d662\artifacts\image.png -i C:\Users\vanta\Documents\STUDIO_MVP\_v03_smoke_cfg\workspace\exports\pack_v03_f842d662\artifacts\audio.wav -vf scale=540:960:force_original_aspect_ratio=increase,crop=540:960,format=yuv420p -r 15 -c:v libx264 -pix_fmt yuv420p -preset medium -crf 18 -c:a aac -b:a 192k -ar 44100 -ac 2 -shortest -movflags +faststart -map_metadata -1 -map_chapters -1 C:\Users\vanta\Documents\STUDIO_MVP\_v03_smoke_cfg\workspace\exports\pack_v03_f842d662\render_debug_20260225_200432.mp4
--- /SUBPROCESS CMD ---\n
